     VMA      LMA     Size Align Out     In      Symbol
       0        0 80200000     1 . = 0x80200000
80200000 80200000      14e     1 .rodata.str1.1
80200000 80200000      14e     1         <internal>:(.rodata.str1.1)
80200150 80200150      626     4 .text
80200150 80200150        e     2         /tmp/kernel-8a0b34.o:(.text.boot)
80200150 80200150        0     1                 
80200150 80200150        0     1                 
80200150 80200150        0     1                 
80200150 80200150        0     1                 
80200150 80200150        e     1                 boot
8020015e 8020015e        0     1                 
8020015e 8020015e        0     1                 
80200160 80200160      412     4         /tmp/kernel-8a0b34.o:(.text)
80200160 80200160        0     1                 
80200160 80200160        0     1                 
80200160 80200160        0     1                 
80200160 80200160        0     1                 
80200160 80200160       14     1                 memset
80200162 80200162        0     1                 
80200164 80200164        0     1                 
80200166 80200166        0     1                 
8020016a 8020016a        0     1                 
8020016e 8020016e        0     1                 
80200170 80200170        0     1                 
80200172 80200172        0     1                 
80200174 80200174        0     1                 
80200174 80200174        0     1                 
80200174 80200174        0     1                 
80200174 80200174        0     1                 
80200174 80200174        0     1                 
80200174 80200174        0     1                 
80200174 80200174        2     1                 aligned_malloc
80200176 80200176        0     1                 
80200176 80200176        0     1                 
80200176 80200176        0     1                 
80200176 80200176        0     1                 
80200176 80200176        0     1                 
80200176 80200176       4e     1                 display_pages
80200178 80200178        0     1                 
80200182 80200182        0     1                 
8020019c 8020019c        0     1                 
8020019c 8020019c        0     1                 
8020019e 8020019e        0     1                 
802001a0 802001a0        0     1                 
802001a4 802001a4        0     1                 
802001a6 802001a6        0     1                 
802001a8 802001a8        0     1                 
802001b4 802001b4        0     1                 
802001b4 802001b4        0     1                 
802001b6 802001b6        0     1                 
802001b6 802001b6        0     1                 
802001c4 802001c4        0     1                 
802001c4 802001c4        0     1                 
802001c4 802001c4        0     1                 
802001c4 802001c4        0     1                 
802001c4 802001c4        0     1                 
802001c4 802001c4       a8     1                 alloc_pages
802001c6 802001c6        0     1                 
802001d4 802001d4        0     1                 
802001e6 802001e6        0     1                 
802001ec 802001ec        0     1                 
802001f0 802001f0        0     1                 
802001fe 802001fe        0     1                 
80200204 80200204        0     1                 
80200208 80200208        0     1                 
8020020c 8020020c        0     1                 
80200210 80200210        0     1                 
80200220 80200220        0     1                 
80200220 80200220        0     1                 
80200222 80200222        0     1                 
80200222 80200222        0     1                 
8020022a 8020022a        0     1                 
8020022e 8020022e        0     1                 
80200230 80200230        0     1                 
80200238 80200238        0     1                 
8020023e 8020023e        0     1                 
8020024c 8020024c        0     1                 
8020024c 8020024c        0     1                 
80200250 80200250        0     1                 
80200254 80200254        0     1                 
80200258 80200258        0     1                 
80200258 80200258        0     1                 
8020026c 8020026c        0     1                 
8020026c 8020026c        0     1                 
8020026c 8020026c        0     1                 
8020026c 8020026c        0     1                 
8020026c 8020026c        0     1                 
8020026c 8020026c       40     1                 free_pages
8020026e 8020026e        0     1                 
8020026e 8020026e        0     1                 
80200272 80200272        0     1                 
80200272 80200272        0     1                 
8020027a 8020027a        0     1                 
8020027c 8020027c        0     1                 
8020027c 8020027c        0     1                 
80200280 80200280        0     1                 
80200292 80200292        0     1                 
80200292 80200292        0     1                 
802002a0 802002a0        0     1                 
802002a4 802002a4        0     1                 
802002a4 802002a4        0     1                 
802002ac 802002ac        0     1                 
802002ac 802002ac        0     1                 
802002ac 802002ac        0     1                 
802002ac 802002ac        0     1                 
802002ac 802002ac        0     1                 
802002ac 802002ac        0     1                 
802002ac 802002ac        a     1                 sbi_call
802002b4 802002b4        0     1                 
802002b6 802002b6        0     1                 
802002b6 802002b6        0     1                 
802002b6 802002b6        0     1                 
802002b6 802002b6        0     1                 
802002b6 802002b6        0     1                 
802002b6 802002b6        0     1                 
802002b6 802002b6        c     1                 putchar
802002c0 802002c0        0     1                 
802002c0 802002c0        0     1                 
802002c2 802002c2        0     1                 
802002c2 802002c2        0     1                 
802002c4 802002c4        0     1                 
802002c4 802002c4        0     1                 
802002c4 802002c4        0     1                 
802002c4 802002c4        0     1                 
802002c4 802002c4       88     1                 kernel_trap
8020034c 8020034c        0     1                 
8020034c 8020034c        0     1                 
8020034c 8020034c        0     1                 
8020034c 8020034c        0     1                 
8020034c 8020034c        0     1                 
8020034c 8020034c       2e     1                 handle_trap
8020034e 8020034e        0     1                 
8020034e 8020034e        0     1                 
80200350 80200350        0     1                 
80200354 80200354        0     1                 
80200358 80200358        0     1                 
8020035c 8020035c        0     1                 
80200378 80200378        0     1                 
8020037a 8020037a        0     1                 
8020037a 8020037a        0     1                 
8020037a 8020037a        0     1                 
8020037a 8020037a        0     1                 
8020037a 8020037a        0     1                 
8020037a 8020037a      1f8     1                 kernel_main
8020037c 8020037c        0     1                 
8020037c 8020037c        0     1                 
8020037c 8020037c        0     1                 
80200386 80200386        0     1                 
80200386 80200386        0     1                 
8020039c 8020039c        0     1                 
802003a2 802003a2        0     1                 
802003a6 802003a6        0     1                 
802003a8 802003a8        0     1                 
802003ac 802003ac        0     1                 
802003ae 802003ae        0     1                 
802003b2 802003b2        0     1                 
802003b2 802003b2        0     1                 
802003c2 802003c2        0     1                 
802003c2 802003c2        0     1                 
802003ca 802003ca        0     1                 
802003ca 802003ca        0     1                 
802003d0 802003d0        0     1                 
802003d0 802003d0        0     1                 
802003d2 802003d2        0     1                 
802003d6 802003d6        0     1                 
802003d6 802003d6        0     1                 
802003e6 802003e6        0     1                 
802003e6 802003e6        0     1                 
80200400 80200400        0     1                 
80200400 80200400        0     1                 
80200414 80200414        0     1                 
80200414 80200414        0     1                 
80200416 80200416        0     1                 
80200418 80200418        0     1                 
8020041c 8020041c        0     1                 
80200426 80200426        0     1                 
8020042c 8020042c        0     1                 
80200430 80200430        0     1                 
80200434 80200434        0     1                 
80200438 80200438        0     1                 
80200448 80200448        0     1                 
80200448 80200448        0     1                 
8020044a 8020044a        0     1                 
8020044a 8020044a        0     1                 
8020045e 8020045e        0     1                 
8020045e 8020045e        0     1                 
80200460 80200460        0     1                 
80200464 80200464        0     1                 
80200472 80200472        0     1                 
80200472 80200472        0     1                 
80200476 80200476        0     1                 
80200476 80200476        0     1                 
80200484 80200484        0     1                 
80200484 80200484        0     1                 
80200486 80200486        0     1                 
80200488 80200488        0     1                 
8020048a 8020048a        0     1                 
8020048c 8020048c        0     1                 
80200492 80200492        0     1                 
80200492 80200492        0     1                 
802004a2 802004a2        0     1                 
802004a2 802004a2        0     1                 
802004a4 802004a4        0     1                 
802004a6 802004a6        0     1                 
802004a6 802004a6        0     1                 
802004b8 802004b8        0     1                 
802004b8 802004b8        0     1                 
802004ca 802004ca        0     1                 
802004ca 802004ca        0     1                 
802004e4 802004e4        0     1                 
802004e4 802004e4        0     1                 
802004e6 802004e6        0     1                 
802004e8 802004e8        0     1                 
802004ec 802004ec        0     1                 
802004ee 802004ee        0     1                 
802004f0 802004f0        0     1                 
802004fc 802004fc        0     1                 
802004fc 802004fc        0     1                 
802004fe 802004fe        0     1                 
802004fe 802004fe        0     1                 
80200510 80200510        0     1                 
80200510 80200510        0     1                 
80200518 80200518        0     1                 
80200532 80200532        0     1                 
80200532 80200532        0     1                 
80200534 80200534        0     1                 
80200540 80200540        0     1                 
80200540 80200540        0     1                 
80200544 80200544        0     1                 
80200546 80200546        0     1                 
80200548 80200548        0     1                 
8020054a 8020054a        0     1                 
8020054e 8020054e        0     1                 
8020054e 8020054e        0     1                 
8020055a 8020055a        0     1                 
8020055c 8020055c        0     1                 
8020056c 8020056c        0     1                 
8020056c 8020056c        0     1                 
80200570 80200570        0     1                 
80200572 80200572        0     1                 
80200572 80200572        0     1                 
80200574 80200574      202     4         /tmp/common-f2ca3c.o:(.text)
80200574 80200574        0     1                 
80200574 80200574        0     1                 
80200574 80200574        0     1                 
80200574 80200574        0     1                 
80200574 80200574        a     1                 checksign
80200578 80200578        0     1                 
8020057a 8020057a        0     1                 
8020057c 8020057c        0     1                 
8020057e 8020057e        0     1                 
8020057e 8020057e        0     1                 
8020057e 8020057e        0     1                 
8020057e 8020057e        0     1                 
8020057e 8020057e        0     1                 
8020057e 8020057e      1f8     1                 printf
80200580 80200580        0     1                 
8020059a 8020059a        0     1                 
802005ac 802005ac        0     1                 
802005d4 802005d4        0     1                 
802005d8 802005d8        0     1                 
802005da 802005da        0     1                 
802005de 802005de        0     1                 
802005e6 802005e6        0     1                 
802005ee 802005ee        0     1                 
802005ee 802005ee        0     1                 
802005f0 802005f0        0     1                 
802005f2 802005f2        0     1                 
802005f6 802005f6        0     1                 
802005f8 802005f8        0     1                 
80200608 80200608        0     1                 
80200614 80200614        0     1                 
80200618 80200618        0     1                 
8020061a 8020061a        0     1                 
80200620 80200620        0     1                 
80200628 80200628        0     1                 
80200628 80200628        0     1                 
80200632 80200632        0     1                 
80200632 80200632        0     1                 
80200636 80200636        0     1                 
8020063c 8020063c        0     1                 
80200644 80200644        0     1                 
80200644 80200644        0     1                 
80200648 80200648        0     1                 
8020064a 8020064a        0     1                 
80200650 80200650        0     1                 
80200658 80200658        0     1                 
80200658 80200658        0     1                 
8020065c 8020065c        0     1                 
8020065e 8020065e        0     1                 
80200664 80200664        0     1                 
8020066c 8020066c        0     1                 
8020066c 8020066c        0     1                 
80200670 80200670        0     1                 
80200672 80200672        0     1                 
80200678 80200678        0     1                 
80200680 80200680        0     1                 
80200680 80200680        0     1                 
80200684 80200684        0     1                 
80200686 80200686        0     1                 
8020068c 8020068c        0     1                 
80200694 80200694        0     1                 
80200694 80200694        0     1                 
80200698 80200698        0     1                 
8020069a 8020069a        0     1                 
802006a0 802006a0        0     1                 
802006a8 802006a8        0     1                 
802006a8 802006a8        0     1                 
802006ac 802006ac        0     1                 
802006ae 802006ae        0     1                 
802006b4 802006b4        0     1                 
802006bc 802006bc        0     1                 
802006bc 802006bc        0     1                 
802006c0 802006c0        0     1                 
802006c6 802006c6        0     1                 
802006c6 802006c6        0     1                 
802006ce 802006ce        0     1                 
802006ce 802006ce        0     1                 
802006d0 802006d0        0     1                 
802006d2 802006d2        0     1                 
802006d2 802006d2        0     1                 
802006dc 802006dc        0     1                 
802006e0 802006e0        0     1                 
802006e8 802006e8        0     1                 
802006f4 802006f4        0     1                 
802006f4 802006f4        0     1                 
802006f8 802006f8        0     1                 
802006fe 802006fe        0     1                 
802006fe 802006fe        0     1                 
8020070a 8020070a        0     1                 
8020070a 8020070a        0     1                 
8020070e 8020070e        0     1                 
80200710 80200710        0     1                 
80200714 80200714        0     1                 
80200716 80200716        0     1                 
8020071a 8020071a        0     1                 
8020071e 8020071e        0     1                 
80200722 80200722        0     1                 
80200724 80200724        0     1                 
80200728 80200728        0     1                 
8020072c 8020072c        0     1                 
80200738 80200738        0     1                 
80200738 80200738        0     1                 
80200740 80200740        0     1                 
80200746 80200746        0     1                 
8020074c 8020074c        0     1                 
80200758 80200758        0     1                 
80200758 80200758        0     1                 
80200776 80200776        0     1                 
80200776 80200776        0     1                 
80200778 80200778     fffc     4 .bss
80200778 80200778        0     1         __bss = .
80200778 80200778     fffc     4         /tmp/kernel-8a0b34.o:(.bss)
80200778 80200778     fffc     1                 usage
80210774 80210774        0     1         __bss_end = .
80210774 80210774        0     1 . = ALIGN ( 4 )
80210774 80210774    20000     1 . += 128 * 1024
80230774 80230774        0     1 __stack_top = .
80230774 80230774      88c     1 . = ALIGN ( 4096 )
80231000 80231000        0     1 __available_ram = .
80231000 80231000  4000000     1 . += 64 * 1024 * 1024
84231000 84231000        0     1 __available_ram_end = .
       0        0      35b     1 .debug_loclists
       0        0      1f7     1         /tmp/kernel-8a0b34.o:(.debug_loclists)
       c        c        0     1                 
     1f7      1f7      164     1         /tmp/common-f2ca3c.o:(.debug_loclists)
     203      203        0     1                 
       0        0      2f3     1 .debug_abbrev
       0        0      21e     1         /tmp/kernel-8a0b34.o:(.debug_abbrev)
     21e      21e       d5     1         /tmp/common-f2ca3c.o:(.debug_abbrev)
       0        0      754     1 .debug_info
       0        0      625     1         /tmp/kernel-8a0b34.o:(.debug_info)
     625      625      12f     1         /tmp/common-f2ca3c.o:(.debug_info)
       0        0       33     1 .debug_rnglists
       0        0       18     1         /tmp/kernel-8a0b34.o:(.debug_rnglists)
       c        c        0     1                 
      18       18       1b     1         /tmp/common-f2ca3c.o:(.debug_rnglists)
      24       24        0     1                 
       0        0      1b8     1 .debug_str_offsets
       0        0      168     1         /tmp/kernel-8a0b34.o:(.debug_str_offsets)
       8        8        0     1                 
     168      168       50     1         /tmp/common-f2ca3c.o:(.debug_str_offsets)
     170      170        0     1                 
       0        0      275     1 .debug_str
       0        0      275     1         <internal>:(.debug_str)
       0        0      100     1 .debug_addr
       0        0       b0     1         /tmp/kernel-8a0b34.o:(.debug_addr)
       8        8        0     1                 
      b0       b0       50     1         /tmp/common-f2ca3c.o:(.debug_addr)
      b8       b8        0     1                 
       0        0       42     1 .comment
       0        0       42     1         <internal>:(.comment)
       0        0       2b     1 .riscv.attributes
       0        0       2b     1         /tmp/kernel-8a0b34.o:(.riscv.attributes)
       0        0      15c     4 .debug_frame
       0        0      108     4         /tmp/kernel-8a0b34.o:(.debug_frame)
       0        0        0     1                 
     108      108       54     4         /tmp/common-f2ca3c.o:(.debug_frame)
     108      108        0     1                 
       0        0      7a8     1 .debug_line
       0        0      4c3     1         /tmp/kernel-8a0b34.o:(.debug_line)
       0        0        0     1                 .Lline_table_start0
     4c3      4c3      2e5     1         /tmp/common-f2ca3c.o:(.debug_line)
     4c3      4c3        0     1                 .Lline_table_start0
       0        0       6d     1 .debug_line_str
       0        0       6d     1         <internal>:(.debug_line_str)
       0        0     1d60     4 .symtab
       0        0     1d60     4         <internal>:(.symtab)
       0        0       dd     1 .shstrtab
       0        0       dd     1         <internal>:(.shstrtab)
       0        0      107     1 .strtab
       0        0      107     1         <internal>:(.strtab)
